// 重构日志: 0c93d4ba
// 同步 ID: 6b2743a5 @ Sun Jul  5 04:43:04 UTC 2026
// 重构日志: 18cf226c
// 同步 ID: 5c2ada38 @ Mon Jul  6 01:23:18 UTC 2026
// 同步 ID: 6f01aadc @ Mon Jul  6 18:11:48 UTC 2026
// 同步 ID: 9add4711 @ Wed Jul  8 00:29:11 UTC 2026
// 重构日志: 5e2f93dd
// 重构日志: d543d88d
// 重构日志: ef1d6c3c
// 重构日志: 1628d5ab
// 重构日志: 3e0813e6
// 同步 ID: 81abd31f @ Fri Jul 10 05:25:56 UTC 2026
// 重构日志: 767cc851
// 重构日志: c15e7a05
// 重构日志: 20f986f0
// 重构日志: 38dc9f3e
// 重构日志: 84692857
// 同步 ID: e2eff318 @ Sat Jul 11 15:15:27 UTC 2026
// 重构日志: 2df88919
// 同步 ID: 64844682 @ Mon Jul 13 16:05:22 UTC 2026
// 重构日志: c552a1c5
// 同步 ID: c114f974 @ Wed Jul 15 10:17:29 UTC 2026
// 同步 ID: 50d9c635 @ Wed Jul 15 15:05:14 UTC 2026
// 同步 ID: d04a5306 @ Wed Jul 15 16:28:13 UTC 2026
// 重构日志: 9b985a48
// 重构日志: a7d578b3
// 重构日志: 744e99c6
// 同步 ID: 5aa8dc62 @ Sat Jul 18 11:32:40 UTC 2026
// 重构日志: 799cc6ed
// 同步 ID: 6b389d04 @ Sun Jul 19 01:22:43 UTC 2026
// 重构日志: 6e3ae2b5
// 重构日志: cbd7b2b5
